I'm sorry, but errors were detected in your script. Please correct the
errors listed below, and try again.


File "game/script.rpy", line 44: invalid syntax
            Skill("Storytelling", "Creative", renpy.random.randint(0,10))
             ^

Ren'Py Version: Ren'Py 8.1.3.23091805
Sun Jan 14 21:34:41 2024
